mfduh@Mafer MINGW64 ~
$ ls
'3D Objects'/
 Anwendungsdaten@
 AppData/
 Contacts/
 Cookies@
 Documents/
 Downloads/
 Druckumgebung@
'Eigene Dateien'@
 Favorites/
 IntelGraphicsProfiles/
 Ironhack.Labs/
 Links/
'Lokale Einstellungen'@
 Music/
 NTUSER.DAT
 NTUSER.DAT{1c2b59c5-c5f5-11eb-bacb-000d3a96488e}.TxR.0.regtrans-ms
 NTUSER.DAT{1c2b59c5-c5f5-11eb-bacb-000d3a96488e}.TxR.1.regtrans-ms
 NTUSER.DAT{1c2b59c5-c5f5-11eb-bacb-000d3a96488e}.TxR.2.regtrans-ms
 NTUSER.DAT{1c2b59c5-c5f5-11eb-bacb-000d3a96488e}.TxR.blf
 NTUSER.DAT{1c2b59c6-c5f5-11eb-bacb-000d3a96488e}.TM.blf
 NTUSER.DAT{1c2b59c6-c5f5-11eb-bacb-000d3a96488e}.TMContainer00000000000000000001.regtrans-ms
 NTUSER.DAT{1c2b59c6-c5f5-11eb-bacb-000d3a96488e}.TMContainer00000000000000000002.regtrans-ms
 Netzwerkumgebung@
 OneDrive/
 Recent@
'Saved Games'/
 Searches/
 SendTo@
 Startmenü@
 Tracing/
 Videos/
 Vorlagen@
 anaconda3/
 ntuser.dat.LOG1
 ntuser.dat.LOG2
 ntuser.ini
 source/
 temp/

mfduh@Mafer MINGW64 ~
$ cd Ironhack.labs

mfduh@Mafer MINGW64 ~/Ironhack.labs
$ ls
lab-bash/

mfduh@Mafer MINGW64 ~/Ironhack.labs
$ cd lab-bash

mfduh@Mafer MINGW64 ~/Ironhack.labs/lab-bash (master)
$ ls
exercices/  inputs/  lorem/  lorem-copy/  outputs/  readme.md

mfduh@Mafer MINGW64 ~/Ironhack.labs/lab-bash (master)
$ cd lorem

mfduh@Mafer MINGW64 ~/Ironhack.labs/lab-bash/lorem (master)
$ ls
at.txt  at.txte  lorem-copy  lorem.txt  sed.txt

mfduh@Mafer MINGW64 ~/Ironhack.labs/lab-bash/lorem (master)
$ rmdir lorem-copy
rmdir: failed to remove 'lorem-copy': Not a directory

mfduh@Mafer MINGW64 ~/Ironhack.labs/lab-bash/lorem (master)
$ cd lorem-copy
bash: cd: lorem-copy: Not a directory

mfduh@Mafer MINGW64 ~/Ironhack.labs/lab-bash/lorem (master)
$ cd lab-bash
bash: cd: lab-bash: No such file or directory

mfduh@Mafer MINGW64 ~/Ironhack.labs/lab-bash/lorem (master)
$ cp sed.txt /lab-bash/lorem-copy^C

mfduh@Mafer MINGW64 ~/Ironhack.labs/lab-bash/lorem (master)
$ ls
at.txt  at.txte  lorem-copy  lorem.txt  sed.txt

mfduh@Mafer MINGW64 ~/Ironhack.labs/lab-bash/lorem (master)
$ cd Ironhack.labs
bash: cd: Ironhack.labs: No such file or directory

mfduh@Mafer MINGW64 ~/Ironhack.labs/lab-bash/lorem (master)
$ pwd
/c/Users/mfduh/Ironhack.labs/lab-bash/lorem

mfduh@Mafer MINGW64 ~/Ironhack.labs/lab-bash/lorem (master)
$ cd ..

mfduh@Mafer MINGW64 ~/Ironhack.labs/lab-bash (master)
$ ls
exercices/  inputs/  lorem/  lorem-copy/  outputs/  readme.md

mfduh@Mafer MINGW64 ~/Ironhack.labs/lab-bash (master)
$ cd lorem-copy

mfduh@Mafer MINGW64 ~/Ironhack.labs/lab-bash/lorem-copy (master)
$ ls
dummy_file.txt

mfduh@Mafer MINGW64 ~/Ironhack.labs/lab-bash/lorem-copy (master)
$ cd ..

mfduh@Mafer MINGW64 ~/Ironhack.labs/lab-bash (master)
$ ls
exercices/  inputs/  lorem/  lorem-copy/  outputs/  readme.md

mfduh@Mafer MINGW64 ~/Ironhack.labs/lab-bash (master)
$ cd lorem-copy

mfduh@Mafer MINGW64 ~/Ironhack.labs/lab-bash/lorem-copy (master)
$ cd..
bash: cd..: command not found

mfduh@Mafer MINGW64 ~/Ironhack.labs/lab-bash/lorem-copy (master)
$ cd ..

mfduh@Mafer MINGW64 ~/Ironhack.labs/lab-bash (master)
$ cd lorem

mfduh@Mafer MINGW64 ~/Ironhack.labs/lab-bash/lorem (master)
$ ls
at.txt  at.txte  lorem-copy  lorem.txt  sed.txt

mfduh@Mafer MINGW64 ~/Ironhack.labs/lab-bash/lorem (master)
$ cp sed.txt ../lab-bash/lorem-copy
cp: cannot create regular file '../lab-bash/lorem-copy': No such file or directory

mfduh@Mafer MINGW64 ~/Ironhack.labs/lab-bash/lorem (master)
$ ls
at.txt  at.txte  lorem-copy  lorem.txt  sed.txt

mfduh@Mafer MINGW64 ~/Ironhack.labs/lab-bash/lorem (master)
$ cd lorem-copy
bash: cd: lorem-copy: Not a directory

mfduh@Mafer MINGW64 ~/Ironhack.labs/lab-bash/lorem (master)
$ rm lorem-copy

mfduh@Mafer MINGW64 ~/Ironhack.labs/lab-bash/lorem (master)
$ ls
at.txt  at.txte  lorem.txt  sed.txt

mfduh@Mafer MINGW64 ~/Ironhack.labs/lab-bash/lorem (master)
$ cp sed.txt lorem-copy

mfduh@Mafer MINGW64 ~/Ironhack.labs/lab-bash/lorem (master)
$ ls
at.txt  at.txte  lorem-copy  lorem.txt  sed.txt

mfduh@Mafer MINGW64 ~/Ironhack.labs/lab-bash/lorem (master)
$ cd ..

mfduh@Mafer MINGW64 ~/Ironhack.labs/lab-bash (master)
$ ls
exercices/  inputs/  lorem/  lorem-copy/  outputs/  readme.md

mfduh@Mafer MINGW64 ~/Ironhack.labs/lab-bash (master)
$ cd lorem-copy

mfduh@Mafer MINGW64 ~/Ironhack.labs/lab-bash/lorem-copy (master)
$ ls
dummy_file.txt

mfduh@Mafer MINGW64 ~/Ironhack.labs/lab-bash/lorem-copy (master)
$ cd ..

mfduh@Mafer MINGW64 ~/Ironhack.labs/lab-bash (master)
$ ls
exercices/  inputs/  lorem/  lorem-copy/  outputs/  readme.md

mfduh@Mafer MINGW64 ~/Ironhack.labs/lab-bash (master)
$ cd lorem

mfduh@Mafer MINGW64 ~/Ironhack.labs/lab-bash/lorem (master)
$ ls
at.txt  at.txte  lorem-copy  lorem.txt  sed.txt

mfduh@Mafer MINGW64 ~/Ironhack.labs/lab-bash/lorem (master)
$ cd lorem-copy
bash: cd: lorem-copy: Not a directory

mfduh@Mafer MINGW64 ~/Ironhack.labs/lab-bash/lorem (master)
$ rm lorem-copy

mfduh@Mafer MINGW64 ~/Ironhack.labs/lab-bash/lorem (master)
$ ls
at.txt  at.txte  lorem.txt  sed.txt

mfduh@Mafer MINGW64 ~/Ironhack.labs/lab-bash/lorem (master)
$ cp sed.txt ../lorem-copy

mfduh@Mafer MINGW64 ~/Ironhack.labs/lab-bash/lorem (master)
$ ls
at.txt  at.txte  lorem.txt  sed.txt

mfduh@Mafer MINGW64 ~/Ironhack.labs/lab-bash/lorem (master)
$ cd ..

mfduh@Mafer MINGW64 ~/Ironhack.labs/lab-bash (master)
$ ls
exercices/  inputs/  lorem/  lorem-copy/  outputs/  readme.md

mfduh@Mafer MINGW64 ~/Ironhack.labs/lab-bash (master)
$ cd lorem-copy

mfduh@Mafer MINGW64 ~/Ironhack.labs/lab-bash/lorem-copy (master)
$ ls
dummy_file.txt  sed.txt

mfduh@Mafer MINGW64 ~/Ironhack.labs/lab-bash/lorem-copy (master)
$ ^C

mfduh@Mafer MINGW64 ~/Ironhack.labs/lab-bash/lorem-copy (master)
$ ls
dummy_file.txt  sed.txt

mfduh@Mafer MINGW64 ~/Ironhack.labs/lab-bash/lorem-copy (master)
$ cd ..

mfduh@Mafer MINGW64 ~/Ironhack.labs/lab-bash (master)
$ ls
exercices/  inputs/  lorem/  lorem-copy/  outputs/  readme.md

mfduh@Mafer MINGW64 ~/Ironhack.labs/lab-bash (master)
$ cd lorem

mfduh@Mafer MINGW64 ~/Ironhack.labs/lab-bash/lorem (master)
$ ls
at.txt  at.txte  lorem.txt  sed.txt

mfduh@Mafer MINGW64 ~/Ironhack.labs/lab-bash/lorem (master)
$ at.txt; lorem.txt ../lorem-copy
bash: at.txt: command not found
bash: lorem.txt: command not found

mfduh@Mafer MINGW64 ~/Ironhack.labs/lab-bash/lorem (master)
$ cp at.txt; lorem.txt ../lorem-copy
cp: missing destination file operand after 'at.txt'
Try 'cp --help' for more information.
bash: lorem.txt: command not found

mfduh@Mafer MINGW64 ~/Ironhack.labs/lab-bash/lorem (master)
$ cp at.txt ../lorem-copy; cp lorem.txt ../lorem-copy

mfduh@Mafer MINGW64 ~/Ironhack.labs/lab-bash/lorem (master)
$ cd ..

mfduh@Mafer MINGW64 ~/Ironhack.labs/lab-bash (master)
$ cd lorem-copy

mfduh@Mafer MINGW64 ~/Ironhack.labs/lab-bash/lorem-copy (master)
$ ls
at.txt  dummy_file.txt  lorem.txt  sed.txt

mfduh@Mafer MINGW64 ~/Ironhack.labs/lab-bash/lorem-copy (master)
$ cd ..

mfduh@Mafer MINGW64 ~/Ironhack.labs/lab-bash (master)
$ cd lorem

mfduh@Mafer MINGW64 ~/Ironhack.labs/lab-bash/lorem (master)
$ ls
at.txt  at.txte  lorem.txt  sed.txt

mfduh@Mafer MINGW64 ~/Ironhack.labs/lab-bash/lorem (master)
$ cat sed.txt
Sed ut perspiciatis unde omnis iste natus error sit voluptatem accusantium doloremque laudantium,
totam rem aperiam, eaque ipsa quae ab illo inventore veritatis et quasi architecto beatae vitae dicta sunt explicabo.
Nemo enim ipsam voluptatem quia voluptas sit aspernatur aut odit aut fugit,
sed quia consequuntur magni dolores eos qui ratione voluptatem sequi nesciunt.
Neque porro quisquam est, qui dolorem ipsum quia dolor sit amet, consectetur, adipisci velit,
sed quia non numquam eius modi tempora incidunt ut labore et dolore magnam aliquam quaerat voluptatem.
Ut enim ad minima veniam, quis nostrum exercitationem ullam corporis suscipit laboriosam,
nisi ut aliquid ex ea commodi consequatur? Quis autem vel eum iure reprehenderit qui in ea voluptate velit esse quam nihil molestiae consequatur,
vel illum qui dolorem eum fugiat quo voluptas nulla pariatur?Homo homini lupus

mfduh@Mafer MINGW64 ~/Ironhack.labs/lab-bash/lorem (master)
$ cat at.txt; cat lorem.txt
At vero eos ET accusamus ET iusto odio dignissimos ducimus qui blanditiis praesentium voluptatum
deleniti atque corrupti quos dolores ET quas molestias excepturi sint occaecati cupiditate non
provident, similique sunt in culpa qui officia deserunt mollitia animi, id est laborum ET dolorum fuga.
Et harum quidem rerum facilis est ET expedita distinctio.
Nam libero tempore, cum soluta nobis est eligendi optio cumque nihil impedit quo minus id quod
maxime placeat facere possimus, omnis voluptas assumenda est, omnis dolor repellendus.
Temporibus autem quibusdam ET aut officiis debitis aut rerum necessitatibus saepe eveniET
ut ET voluptates repudiandae sint ET molestiae non recusandae.
Itaque earum rerum hic tenETur a sapiente delectus, ut aut reiciendis voluptatibus maiores
alias consequatur aut perferendis doloribus asperiores repellat
Lorem ipsum dolor sit amet, consectetur adipiscing elit, sed do eiusmod tempor incididunt ut labore et dolore magna aliqua.
Ut enim ad minim veniam, quis nostrud exercitation ullamco laboris nisi ut aliquip ex ea commodo consequat.
Duis aute irure dolor in reprehenderit in voluptate velit esse cillum dolore eu fugiat nulla pariatur.
Excepteur sint occaecat cupidatat non proident, sunt in culpa qui officia deserunt mollit anim id est laborum.
mfduh@Mafer MINGW64 ~/Ironhack.labs/lab-bash/lorem (master)
$ cd ..

mfduh@Mafer MINGW64 ~/Ironhack.labs/lab-bash (master)
$ cd lorem-copy

mfduh@Mafer MINGW64 ~/Ironhack.labs/lab-bash/lorem-copy (master)
$ ls
at.txt  dummy_file.txt  lorem.txt  sed.txt

mfduh@Mafer MINGW64 ~/Ironhack.labs/lab-bash/lorem-copy (master)
$ head -3/sed.txt
head: invalid trailing option -- /
Try 'head --help' for more information.

mfduh@Mafer MINGW64 ~/Ironhack.labs/lab-bash/lorem-copy (master)
$ head -3 sed.txt
Sed ut perspiciatis unde omnis iste natus error sit voluptatem accusantium doloremque laudantium,
totam rem aperiam, eaque ipsa quae ab illo inventore veritatis et quasi architecto beatae vitae dicta sunt explicabo.
Nemo enim ipsam voluptatem quia voluptas sit aspernatur aut odit aut fugit,

mfduh@Mafer MINGW64 ~/Ironhack.labs/lab-bash/lorem-copy (master)
$ tail -3 sed.txt
Ut enim ad minima veniam, quis nostrum exercitationem ullam corporis suscipit laboriosam,
nisi ut aliquid ex ea commodi consequatur? Quis autem vel eum iure reprehenderit qui in ea voluptate velit esse quam nihil molestiae consequatur,
vel illum qui dolorem eum fugiat quo voluptas nulla pariatur?Homo homini lupus

mfduh@Mafer MINGW64 ~/Ironhack.labs/lab-bash/lorem-copy (master)
$ echo 'Homo homini lupus.' >>sed.txt

mfduh@Mafer MINGW64 ~/Ironhack.labs/lab-bash/lorem-copy (master)
$ tail - 3 sed.txt
==> standard input <==
tail -3 sed.txt
ls
cd ..


STDOUT


mfduh@Mafer MINGW64 ~/Ironhack.labs/lab-bash/lorem-copy (master)
$ ls
at.txt  dummy_file.txt  lorem.txt  sed.txt

mfduh@Mafer MINGW64 ~/Ironhack.labs/lab-bash/lorem-copy (master)
$ tail -3 sed.txt
nisi ut aliquid ex ea commodi consequatur? Quis autem vel eum iure reprehenderit qui in ea voluptate velit esse quam nihil molestiae consequatur,
vel illum qui dolorem eum fugiat quo voluptas nulla pariatur?Homo homini lupus
Homo homini lupus.

mfduh@Mafer MINGW64 ~/Ironhack.labs/lab-bash/lorem-copy (master)
$ cd ..

mfduh@Mafer MINGW64 ~/Ironhack.labs/lab-bash (master)
$ cd lorem

mfduh@Mafer MINGW64 ~/Ironhack.labs/lab-bash/lorem (master)
$ cat at.txt
At vero eos ET accusamus ET iusto odio dignissimos ducimus qui blanditiis praesentium voluptatum
deleniti atque corrupti quos dolores ET quas molestias excepturi sint occaecati cupiditate non
provident, similique sunt in culpa qui officia deserunt mollitia animi, id est laborum ET dolorum fuga.
Et harum quidem rerum facilis est ET expedita distinctio.
Nam libero tempore, cum soluta nobis est eligendi optio cumque nihil impedit quo minus id quod
maxime placeat facere possimus, omnis voluptas assumenda est, omnis dolor repellendus.
Temporibus autem quibusdam ET aut officiis debitis aut rerum necessitatibus saepe eveniET
ut ET voluptates repudiandae sint ET molestiae non recusandae.
Itaque earum rerum hic tenETur a sapiente delectus, ut aut reiciendis voluptatibus maiores
alias consequatur aut perferendis doloribus asperiores repellat

mfduh@Mafer MINGW64 ~/Ironhack.labs/lab-bash/lorem (master)
$ sed 'y/ET/et/' at.txt
At vero eos et accusamus et iusto odio dignissimos ducimus qui blanditiis praesentium voluptatum
deleniti atque corrupti quos dolores et quas molestias excepturi sint occaecati cupiditate non
provident, similique sunt in culpa qui officia deserunt mollitia animi, id est laborum et dolorum fuga.
et harum quidem rerum facilis est et expedita distinctio.
Nam libero tempore, cum soluta nobis est eligendi optio cumque nihil impedit quo minus id quod
maxime placeat facere possimus, omnis voluptas assumenda est, omnis dolor repellendus.
temporibus autem quibusdam et aut officiis debitis aut rerum necessitatibus saepe eveniet
ut et voluptates repudiandae sint et molestiae non recusandae.
Itaque earum rerum hic tenetur a sapiente delectus, ut aut reiciendis voluptatibus maiores
alias consequatur aut perferendis doloribus asperiores repellat

mfduh@Mafer MINGW64 ~/Ironhack.labs/lab-bash/lorem (master)
$ sed 'y/et/ET/' at.txt
AT vEro Eos ET accusamus ET iusTo odio dignissimos ducimus qui blandiTiis praEsEnTium volupTaTum
dElEniTi aTquE corrupTi quos dolorEs ET quas molEsTias ExcEpTuri sinT occaEcaTi cupidiTaTE non
providEnT, similiquE sunT in culpa qui officia dEsErunT molliTia animi, id EsT laborum ET dolorum fuga.
ET harum quidEm rErum facilis EsT ET ExpEdiTa disTincTio.
Nam libEro TEmporE, cum soluTa nobis EsT EligEndi opTio cumquE nihil impEdiT quo minus id quod
maximE placEaT facErE possimus, omnis volupTas assumEnda EsT, omnis dolor rEpEllEndus.
TEmporibus auTEm quibusdam ET auT officiis dEbiTis auT rErum nEcEssiTaTibus saEpE EvEniET
uT ET volupTaTEs rEpudiandaE sinT ET molEsTiaE non rEcusandaE.
ITaquE Earum rErum hic TEnETur a sapiEnTE dElEcTus, uT auT rEiciEndis volupTaTibus maiorEs
alias consEquaTur auT pErfErEndis doloribus aspEriorEs rEpEllaT

mfduh@Mafer MINGW64 ~/Ironhack.labs/lab-bash/lorem (master)
$ sed 'y/ET/et/' at.txt
At vero eos et accusamus et iusto odio dignissimos ducimus qui blanditiis praesentium voluptatum
deleniti atque corrupti quos dolores et quas molestias excepturi sint occaecati cupiditate non
provident, similique sunt in culpa qui officia deserunt mollitia animi, id est laborum et dolorum fuga.
et harum quidem rerum facilis est et expedita distinctio.
Nam libero tempore, cum soluta nobis est eligendi optio cumque nihil impedit quo minus id quod
maxime placeat facere possimus, omnis voluptas assumenda est, omnis dolor repellendus.
temporibus autem quibusdam et aut officiis debitis aut rerum necessitatibus saepe eveniet
ut et voluptates repudiandae sint et molestiae non recusandae.
Itaque earum rerum hic tenetur a sapiente delectus, ut aut reiciendis voluptatibus maiores
alias consequatur aut perferendis doloribus asperiores repellat

mfduh@Mafer MINGW64 ~/Ironhack.labs/lab-bash/lorem (master)
$ sed 'y/"et"/"ET"/' at.txt
AT vEro Eos ET accusamus ET iusTo odio dignissimos ducimus qui blandiTiis praEsEnTium volupTaTum
dElEniTi aTquE corrupTi quos dolorEs ET quas molEsTias ExcEpTuri sinT occaEcaTi cupidiTaTE non
providEnT, similiquE sunT in culpa qui officia dEsErunT molliTia animi, id EsT laborum ET dolorum fuga.
ET harum quidEm rErum facilis EsT ET ExpEdiTa disTincTio.
Nam libEro TEmporE, cum soluTa nobis EsT EligEndi opTio cumquE nihil impEdiT quo minus id quod
maximE placEaT facErE possimus, omnis volupTas assumEnda EsT, omnis dolor rEpEllEndus.
TEmporibus auTEm quibusdam ET auT officiis dEbiTis auT rErum nEcEssiTaTibus saEpE EvEniET
uT ET volupTaTEs rEpudiandaE sinT ET molEsTiaE non rEcusandaE.
ITaquE Earum rErum hic TEnETur a sapiEnTE dElEcTus, uT auT rEiciEndis volupTaTibus maiorEs
alias consEquaTur auT pErfErEndis doloribus aspEriorEs rEpEllaT

mfduh@Mafer MINGW64 ~/Ironhack.labs/lab-bash/lorem (master)
$ sed 'y/ET/et/' at.txt
At vero eos et accusamus et iusto odio dignissimos ducimus qui blanditiis praesentium voluptatum
deleniti atque corrupti quos dolores et quas molestias excepturi sint occaecati cupiditate non
provident, similique sunt in culpa qui officia deserunt mollitia animi, id est laborum et dolorum fuga.
et harum quidem rerum facilis est et expedita distinctio.
Nam libero tempore, cum soluta nobis est eligendi optio cumque nihil impedit quo minus id quod
maxime placeat facere possimus, omnis voluptas assumenda est, omnis dolor repellendus.
temporibus autem quibusdam et aut officiis debitis aut rerum necessitatibus saepe eveniet
ut et voluptates repudiandae sint et molestiae non recusandae.
Itaque earum rerum hic tenetur a sapiente delectus, ut aut reiciendis voluptatibus maiores
alias consequatur aut perferendis doloribus asperiores repellat

mfduh@Mafer MINGW64 ~/Ironhack.labs/lab-bash/lorem (master)
$ cd ..

mfduh@Mafer MINGW64 ~/Ironhack.labs/lab-bash (master)
$ git add .
warning: in the working copy of 'lorem-copy/sed.txt', LF will be replaced by CRLF the next time Git touches it

mfduh@Mafer MINGW64 ~/Ironhack.labs/lab-bash (master)
$ ^C

mfduh@Mafer MINGW64 ~/Ironhack.labs/lab-bash (master)
$ git status
On branch master
Your branch is up to date with 'origin/master'.

Changes to be committed:
  (use "git restore --staged <file>..." to unstage)
        new file:   lorem-copy/at.txt
        new file:   lorem-copy/lorem.txt
        new file:   lorem-copy/sed.txt


mfduh@Mafer MINGW64 ~/Ironhack.labs/lab-bash (master)
$ git commit -m 'bash answers'
[master 5c133df] bash answers
 3 files changed, 24 insertions(+)
 create mode 100644 lorem-copy/at.txt
 create mode 100644 lorem-copy/lorem.txt
 create mode 100644 lorem-copy/sed.txt

mfduh@Mafer MINGW64 ~/Ironhack.labs/lab-bash (master)
$ git push



mfduh@Mafer MINGW64 ~/Ironhack.labs/lab-bash (master)
$ git push
remote: Support for password authentication was removed on August 13, 2021.
remote: Please see https://docs.github.com/en/get-started/getting-started-with-git/about-remote-repositories#cloning-with-https-urls for information on currently recommended modes of authentication.
fatal: Authentication failed for 'https://github.com/Duhne/lab-bash.git/'

mfduh@Mafer MINGW64 ~/Ironhack.labs/lab-bash (master)
$ git push
Enumerating objects: 8, done.
Counting objects: 100% (8/8), done.
Delta compression using up to 8 threads
Compressing objects: 100% (6/6), done.
Writing objects: 100% (6/6), 1.63 KiB | 1.63 MiB/s, done.
Total 6 (delta 1), reused 2 (delta 0), pack-reused 0
remote: Resolving deltas: 100% (1/1), completed with 1 local object.
To https://github.com/Duhne/lab-bash.git
   689f07d..5c133df  master -> master

mfduh@Mafer MINGW64 ~/Ironhack.labs/lab-bash (master)
$ cd lorem

mfduh@Mafer MINGW64 ~/Ironhack.labs/lab-bash/lorem (master)
$ ls
at.txt  at.txte  lorem.txt  sed.txt

mfduh@Mafer MINGW64 ~/Ironhack.labs/lab-bash/lorem (master)
$ sed -i 's/et/ET/gI' at.txt

mfduh@Mafer MINGW64 ~/Ironhack.labs/lab-bash/lorem (master)
$ cat at.txt
At vero eos ET accusamus ET iusto odio dignissimos ducimus qui blanditiis praesentium voluptatum
deleniti atque corrupti quos dolores ET quas molestias excepturi sint occaecati cupiditate non
provident, similique sunt in culpa qui officia deserunt mollitia animi, id est laborum ET dolorum fuga.
ET harum quidem rerum facilis est ET expedita distinctio.
Nam libero tempore, cum soluta nobis est eligendi optio cumque nihil impedit quo minus id quod
maxime placeat facere possimus, omnis voluptas assumenda est, omnis dolor repellendus.
Temporibus autem quibusdam ET aut officiis debitis aut rerum necessitatibus saepe eveniET
ut ET voluptates repudiandae sint ET molestiae non recusandae.
Itaque earum rerum hic tenETur a sapiente delectus, ut aut reiciendis voluptatibus maiores
alias consequatur aut perferendis doloribus asperiores repellat

mfduh@Mafer MINGW64 ~/Ironhack.labs/lab-bash/lorem (master)
$ whoami
mfduh

mfduh@Mafer MINGW64 ~/Ironhack.labs/lab-bash/lorem (master)
$ pwd
/c/Users/mfduh/Ironhack.labs/lab-bash/lorem

mfduh@Mafer MINGW64 ~/Ironhack.labs/lab-bash/lorem (master)
$ ls .txt
ls: cannot access '.txt': No such file or directory

mfduh@Mafer MINGW64 ~/Ironhack.labs/lab-bash/lorem (master)
$ ls *.txt
at.txt  lorem.txt  sed.txt

mfduh@Mafer MINGW64 ~/Ironhack.labs/lab-bash/lorem (master)
$ wc -l sed.txt
9 sed.txt

mfduh@Mafer MINGW64 ~/Ironhack.labs/lab-bash/lorem (master)
$ cat sed.txt | wc -1
wc: unknown option -- 1
Try 'wc --help' for more information.

mfduh@Mafer MINGW64 ~/Ironhack.labs/lab-bash/lorem (master)
$ cat sed.txt | wc -l
9

mfduh@Mafer MINGW64 ~/Ironhack.labs/lab-bash/lorem (master)
$ ^C

mfduh@Mafer MINGW64 ~/Ironhack.labs/lab-bash/lorem (master)
$ cd ...
bash: cd: ...: No such file or directory

mfduh@Mafer MINGW64 ~/Ironhack.labs/lab-bash/lorem (master)
$ cd ..

mfduh@Mafer MINGW64 ~/Ironhack.labs/lab-bash (master)
$ cd ..

mfduh@Mafer MINGW64 ~/Ironhack.labs
$ find directory/ -type f -name "lorem" | wc -l
find: ‘directory/’: No such file or directory
0

mfduh@Mafer MINGW64 ~/Ironhack.labs
$ cd ..

mfduh@Mafer MINGW64 ~
$ ls
'3D Objects'/
 Anwendungsdaten@
 AppData/
 Contacts/
 Cookies@
 Documents/
 Downloads/
 Druckumgebung@
'Eigene Dateien'@
 Favorites/
 IntelGraphicsProfiles/
 Ironhack.Labs/
 Links/
'Lokale Einstellungen'@
 Music/
 NTUSER.DAT
 NTUSER.DAT{1c2b59c5-c5f5-11eb-bacb-000d3a96488e}.TxR.0.regtrans-ms
 NTUSER.DAT{1c2b59c5-c5f5-11eb-bacb-000d3a96488e}.TxR.1.regtrans-ms
 NTUSER.DAT{1c2b59c5-c5f5-11eb-bacb-000d3a96488e}.TxR.2.regtrans-ms
 NTUSER.DAT{1c2b59c5-c5f5-11eb-bacb-000d3a96488e}.TxR.blf
 NTUSER.DAT{1c2b59c6-c5f5-11eb-bacb-000d3a96488e}.TM.blf
 NTUSER.DAT{1c2b59c6-c5f5-11eb-bacb-000d3a96488e}.TMContainer00000000000000000001.regtrans-ms
 NTUSER.DAT{1c2b59c6-c5f5-11eb-bacb-000d3a96488e}.TMContainer00000000000000000002.regtrans-ms
 Netzwerkumgebung@
 OneDrive/
 Recent@
'Saved Games'/
 Searches/
 SendTo@
 Startmenü@
 Tracing/
 Videos/
 Vorlagen@
 anaconda3/
 ntuser.dat.LOG1
 ntuser.dat.LOG2
 ntuser.ini
 source/
 temp/

mfduh@Mafer MINGW64 ~
$ de Ironhack
bash: de: command not found

mfduh@Mafer MINGW64 ~
$ cd Ironhack.labs

mfduh@Mafer MINGW64 ~/Ironhack.labs
$ find Ironhack.labs/ -type f -name "lorem" | wc -l
find: ‘Ironhack.labs/’: No such file or directory
0

mfduh@Mafer MINGW64 ~/Ironhack.labs
$ git add .
fatal: not a git repository (or any of the parent directories): .git

mfduh@Mafer MINGW64 ~/Ironhack.labs
$ cd lab.bash
bash: cd: lab.bash: No such file or directory

mfduh@Mafer MINGW64 ~/Ironhack.labs
$ cd lab-bash

mfduh@Mafer MINGW64 ~/Ironhack.labs/lab-bash (master)
$ git add .
warning: in the working copy of 'lorem/at.txt', LF will be replaced by CRLF the next time Git touches it

mfduh@Mafer MINGW64 ~/Ironhack.labs/lab-bash (master)
$ git commit -m 'Save2 answers 05.09.2022'
[master 597e5fd] Save2 answers 05.09.2022
 1 file changed, 1 insertion(+), 1 deletion(-)

mfduh@Mafer MINGW64 ~/Ironhack.labs/lab-bash (master)
$ git push
Enumerating objects: 7, done.
Counting objects: 100% (7/7), done.
Delta compression using up to 8 threads
Compressing objects: 100% (4/4), done.
Writing objects: 100% (4/4), 432 bytes | 432.00 KiB/s, done.
Total 4 (delta 2), reused 0 (delta 0), pack-reused 0
remote: Resolving deltas: 100% (2/2), completed with 2 local objects.
To https://github.com/Duhne/lab-bash.git
   5c133df..597e5fd  master -> master

mfduh@Mafer MINGW64 ~/Ironhack.labs/lab-bash (master)
$ ^C

mfduh@Mafer MINGW64 ~/Ironhack.labs/lab-bash (master)
$
